src/App.tsx(1,1): error TS6133: 'React' is declared but its value is never read.
src/components/Layout.tsx(1,8): error TS6133: 'React' is declared but its value is never read.
src/components/Layout.tsx(7,5): error TS6133: 'User' is declared but its value is never read.
src/components/Layout.tsx(10,5): error TS6133: 'X' is declared but its value is never read.
src/components/Layout.tsx(13,5): error TS6133: 'Settings' is declared but its value is never read.
src/components/ProtectedRoute.tsx(1,1): error TS6133: 'React' is declared but its value is never read.
src/components/UploadMaterialModal.tsx(17,25): error TS6133: 'setDescription' is declared but its value is never read.
src/pages/student/Classrooms.tsx(5,10): error TS6133: 'Search' is declared but its value is never read.
